
/home/runner/work/exp-naive-bayes-iitr/exp-naive-bayes-iitr/experiment/simulation/js/script.js
     2:7    warning  'myContainer' is assigned a value but never used        no-unused-vars
    38:10   warning  'populateDataPointsTable' is defined but never used     no-unused-vars
    53:5    warning  'rl' is not defined                                     no-undef
    55:5    warning  'des' is not defined                                    no-undef
    56:25   warning  'rl' is not defined                                     no-undef
    57:9    warning  'rl' is not defined                                     no-undef
    57:51   warning  'rl' is not defined                                     no-undef
    57:92   warning  'rl' is not defined                                     no-undef
    57:135  warning  'rl' is not defined                                     no-undef
    61:9    warning  'Swal' is not defined                                   no-undef
    74:9    warning  'des' is not defined                                    no-undef
    82:9    warning  'des' is not defined                                    no-undef
   147:7    warning  'g' is not defined                                      no-undef
   148:7    warning  'tempa' is not defined                                  no-undef
   149:7    warning  'tempa' is not defined                                  no-undef
   151:7    warning  'tempa' is not defined                                  no-undef
   155:7    warning  'g' is not defined                                      no-undef
   156:7    warning  'tempa' is not defined                                  no-undef
   157:7    warning  'tempa' is not defined                                  no-undef
   159:21   warning  'tempa' is not defined                                  no-undef
   160:16   warning  'tempa' is not defined                                  no-undef
   161:15   warning  'tempa' is not defined                                  no-undef
   163:15   warning  'tempa' is not defined                                  no-undef
   164:22   warning  'tempa' is not defined                                  no-undef
   171:7    warning  'g' is not defined                                      no-undef
   175:5    warning  'Swal' is not defined                                   no-undef
   177:14   warning  'g' is not defined                                      no-undef
   192:5    warning  'f' is not defined                                      no-undef
   193:5    warning  'f' is not defined                                      no-undef
   194:5    warning  'f' is not defined                                      no-undef
   212:3    warning  'Swal' is not defined                                   no-undef
   230:3    warning  'Swal' is not defined                                   no-undef
   248:3    warning  'Swal' is not defined                                   no-undef
   268:1    warning  'Swal' is not defined                                   no-undef
   289:9    warning  'f' is not defined                                      no-undef
   290:9    warning  'f' is not defined                                      no-undef
   291:9    warning  'f' is not defined                                      no-undef
   303:7    warning  'Swal' is not defined                                   no-undef
   326:3    warning  'Swal' is not defined                                   no-undef
   346:5    warning  'Swal' is not defined                                   no-undef
   367:9    warning  'f' is not defined                                      no-undef
   368:9    warning  'f' is not defined                                      no-undef
   369:9    warning  'f' is not defined                                      no-undef
   381:7    warning  'Swal' is not defined                                   no-undef
   402:5    warning  'Swal' is not defined                                   no-undef
   427:13   warning  'f' is not defined                                      no-undef
   428:13   warning  'f' is not defined                                      no-undef
   429:13   warning  'f' is not defined                                      no-undef
   441:11   warning  'Swal' is not defined                                   no-undef
   463:10   warning  'deleteRow' is defined but never used                   no-unused-vars
   472:3    warning  'f' is not defined                                      no-undef
   473:5    warning  'f' is not defined                                      no-undef
   474:5    warning  'f' is not defined                                      no-undef
   507:10   warning  'populateDataPointsTablecon' is defined but never used  no-unused-vars
   535:5    warning  'rl' is not defined                                     no-undef
   537:5    warning  'des' is not defined                                    no-undef
   540:25   warning  'rl' is not defined                                     no-undef
   543:9    warning  'rl' is not defined                                     no-undef
   543:42   warning  'rl' is not defined                                     no-undef
   543:76   warning  'rl' is not defined                                     no-undef
   543:109  warning  'rl' is not defined                                     no-undef
   548:9    warning  'Swal' is not defined                                   no-undef
   561:9    warning  'des' is not defined                                    no-undef
   569:9    warning  'des' is not defined                                    no-undef
   622:7    warning  'g' is not defined                                      no-undef
   623:7    warning  'tempa' is not defined                                  no-undef
   624:7    warning  'tempa' is not defined                                  no-undef
   626:7    warning  'tempa' is not defined                                  no-undef
   630:7    warning  'g' is not defined                                      no-undef
   633:7    warning  'tempa' is not defined                                  no-undef
   634:7    warning  'tempa' is not defined                                  no-undef
   636:21   warning  'tempa' is not defined                                  no-undef
   637:16   warning  'tempa' is not defined                                  no-undef
   638:15   warning  'tempa' is not defined                                  no-undef
   640:15   warning  'tempa' is not defined                                  no-undef
   641:22   warning  'tempa' is not defined                                  no-undef
   649:7    warning  'g' is not defined                                      no-undef
   653:5    warning  'Swal' is not defined                                   no-undef
   655:14   warning  'g' is not defined                                      no-undef
   709:7    warning  'g' is not defined                                      no-undef
   710:7    warning  'tempa' is not defined                                  no-undef
   711:7    warning  'tempa' is not defined                                  no-undef
   713:7    warning  'tempa' is not defined                                  no-undef
   717:7    warning  'g' is not defined                                      no-undef
   718:7    warning  'tempa' is not defined                                  no-undef
   719:7    warning  'tempa' is not defined                                  no-undef
   721:21   warning  'tempa' is not defined                                  no-undef
   722:16   warning  'tempa' is not defined                                  no-undef
   723:15   warning  'tempa' is not defined                                  no-undef
   725:15   warning  'tempa' is not defined                                  no-undef
   726:22   warning  'tempa' is not defined                                  no-undef
   736:7    warning  'g' is not defined                                      no-undef
   739:5    warning  'Swal' is not defined                                   no-undef
   741:14   warning  'g' is not defined                                      no-undef
   759:5    warning  'f' is not defined                                      no-undef
   760:9    warning  'f' is not defined                                      no-undef
   761:9    warning  'f' is not defined                                      no-undef
   762:18   warning  'j' is already defined                                  no-redeclare
   762:29   warning  'rl' is not defined                                     no-undef
   764:14   warning  'rl' is not defined                                     no-undef
   769:19   warning  'rl' is not defined                                     no-undef
   777:7    warning  'Swal' is not defined                                   no-undef
   795:7    warning  'Swal' is not defined                                   no-undef
   814:5    warning  'Swal' is not defined                                   no-undef
   839:13   warning  'f' is not defined                                      no-undef
   840:13   warning  'f' is not defined                                      no-undef
   841:13   warning  'f' is not defined                                      no-undef
   852:11   warning  'Swal' is not defined                                   no-undef
   883:3    warning  'f' is not defined                                      no-undef
   884:5    warning  'f' is not defined                                      no-undef
   885:5    warning  'f' is not defined                                      no-undef
   886:5    warning  'f' is not defined                                      no-undef
   905:3    warning  'f' is not defined                                      no-undef
   906:5    warning  'f' is not defined                                      no-undef
   907:5    warning  'f' is not defined                                      no-undef
   908:5    warning  'f' is not defined                                      no-undef
   954:1    warning  'f' is not defined                                      no-undef
   955:5    warning  'f' is not defined                                      no-undef
   956:5    warning  'f' is not defined                                      no-undef
   960:1    warning  'Swal' is not defined                                   no-undef
   976:36   warning  Unnecessary semicolon                                   no-extra-semi
  1020:7    warning  'tempa' is not defined                                  no-undef
  1021:7    warning  'tempa' is not defined                                  no-undef
  1023:7    warning  'tempa' is not defined                                  no-undef
  1025:9    warning  'g' is not defined                                      no-undef
  1028:7    warning  'tempa' is not defined                                  no-undef
  1029:7    warning  'tempa' is not defined                                  no-undef
  1031:21   warning  'tempa' is not defined                                  no-undef
  1032:16   warning  'tempa' is not defined                                  no-undef
  1033:15   warning  'tempa' is not defined                                  no-undef
  1035:15   warning  'tempa' is not defined                                  no-undef
  1036:22   warning  'tempa' is not defined                                  no-undef
  1040:9    warning  'g' is not defined                                      no-undef
  1044:7    warning  'g' is not defined                                      no-undef
  1047:5    warning  'Swal' is not defined                                   no-undef
  1049:14   warning  'g' is not defined                                      no-undef
  1095:3    warning  'Swal' is not defined                                   no-undef
  1110:1    warning  'f' is not defined                                      no-undef
  1111:5    warning  'f' is not defined                                      no-undef
  1112:5    warning  'f' is not defined                                      no-undef
  1117:38   warning  Unnecessary semicolon                                   no-extra-semi
  1173:5    warning  'tempa' is not defined                                  no-undef
  1174:7    warning  'tempa' is not defined                                  no-undef
  1176:7    warning  'tempa' is not defined                                  no-undef
  1178:8    warning  'g' is not defined                                      no-undef
  1181:5    warning  'tempa' is not defined                                  no-undef
  1182:7    warning  'tempa' is not defined                                  no-undef
  1184:21   warning  'tempa' is not defined                                  no-undef
  1185:16   warning  'tempa' is not defined                                  no-undef
  1186:15   warning  'tempa' is not defined                                  no-undef
  1188:15   warning  'tempa' is not defined                                  no-undef
  1189:22   warning  'tempa' is not defined                                  no-undef
  1193:8    warning  'g' is not defined                                      no-undef
  1196:5    warning  'g' is not defined                                      no-undef
  1199:4    warning  'Swal' is not defined                                   no-undef
  1201:13   warning  'g' is not defined                                      no-undef
  1245:7    warning  'g' is not defined                                      no-undef
  1246:7    warning  'tempa' is not defined                                  no-undef
  1247:7    warning  'tempa' is not defined                                  no-undef
  1249:7    warning  'tempa' is not defined                                  no-undef
  1253:7    warning  'g' is not defined                                      no-undef
  1254:7    warning  'tempa' is not defined                                  no-undef
  1255:7    warning  'tempa' is not defined                                  no-undef
  1257:21   warning  'tempa' is not defined                                  no-undef
  1258:16   warning  'tempa' is not defined                                  no-undef
  1259:15   warning  'tempa' is not defined                                  no-undef
  1261:15   warning  'tempa' is not defined                                  no-undef
  1262:22   warning  'tempa' is not defined                                  no-undef
  1269:7    warning  'g' is not defined                                      no-undef
  1273:5    warning  'Swal' is not defined                                   no-undef
  1275:14   warning  'g' is not defined                                      no-undef
  1311:5    warning  'f' is not defined                                      no-undef
  1312:5    warning  'f' is not defined                                      no-undef
  1313:5    warning  'f' is not defined                                      no-undef
  1339:5    warning  'f' is not defined                                      no-undef
  1340:5    warning  'f' is not defined                                      no-undef
  1341:5    warning  'f' is not defined                                      no-undef
  1350:3    warning  'rl' is not defined                                     no-undef
  1351:6    warning  'rl' is not defined                                     no-undef
  1357:5    warning  'rl' is not defined                                     no-undef
  1358:8    warning  'rl' is not defined                                     no-undef

✖ 181 problems (0 errors, 181 warnings)
  0 errors and 2 warnings potentially fixable with the `--fix` option.

